A51 MACRO ASSEMBLER  LEDTEST                                                              10/24/2019 01:18:23 PAGE     1


MACRO ASSEMBLER A51 V8.2.7.0
OBJECT MODULE PLACED IN ledtest.OBJ
ASSEMBLER INVOKED BY: E:\Program Files\C51\BIN\A51.EXE ledtest.asm SET(SMALL) DEBUG EP

LOC  OBJ            LINE     SOURCE

0000                   1     ORG 0000H;
0000 0160              2     AJMP MAIN;
0060                   3     ORG 0060H;
0060                   4     MAIN:
0060 75A0FF            5         MOV P2, #0FFH;
0063 7590FF            6             MOV P1, #0FFH;
0066 E5A0              7         MOV A,P2;
0068 F590              8         MOV P1,A;
006A 0160              9         AJMP MAIN;
                      10     END;
A51 MACRO ASSEMBLER  LEDTEST                                                              10/24/2019 01:18:23 PAGE     2

SYMBOL TABLE LISTING
------ ----- -------


N A M E             T Y P E  V A L U E   ATTRIBUTES

MAIN . . . . . . .  C ADDR   0060H   A   
P1 . . . . . . . .  D ADDR   0090H   A   
P2 . . . . . . . .  D ADDR   00A0H   A   


REGISTER BANK(S) USED: 0 


ASSEMBLY COMPLETE.  0 WARNING(S), 0 ERROR(S)
